{id:-1, output:{Nothing}}
> 2
> 6
> 6
> #f
> 1
> Undefined
> (1 2 3)
> 1
> (2 3)
> (1 2 3)
> ((1 2) 3 4)
> Undefined
> 1
> (2)
> #t
> #f
> #f
> Undefined
> Undefined
> 2
> 5
> Undefined
> Undefined
> Error(token not found in env: foo)
> Error(token not found in env: foo1)
> Error(token not found in env: foo2)
> 3628800
> 3
> Undefined
> Undefined
> Undefined
> Undefined
> 3628800
> Undefined
> 7
> Undefined
> Undefined
> 12
> 12
> a
> (1 a)
> a
> (a b)
> (a b c)
> Undefined
> #t
> #f
> #t
> #f
> #t
> #f
> #t
> #t
> #t
> #f
> #t
> #f
> greater
> less
> Undefined
> equal
> #t
> #t
> #t
> #t
> #f
> #t
> #f
> Undefined
> Undefined
> Undefined
> 3628800
> #t
> #f
> #t
> #f
> #t
> #f
> 7
> Undefined
> -12
> Undefined
> 4
> 5
> 9
> 5
> 42
> Error(token not found in env: >=)
> ((6 1 3) (-5 -2))
> #f
> #f
> #f
> #f
> Error(token not found in env: invalid_number_92233720368547758074)
> (Hello World!)Undefined
> 
Undefined
> Undefined
> 0
> Undefined
> 4
> Nothing
> struct
> 40
> expr
> Undefined
> 28
> a
> (a b c)
> (+ 1 2)
> a
> (a b c)
> ()
> (+ 1 2)
> (quote a)
> a
> 145932
> 145932
> #t
> #t
> 7
> 12
> <procedure>
> 8
> Undefined
> 3
> Undefined
> 10
> (3 4 5 6)
> yes
> no
> 1
> greater
> equal
> #t
> #f
> (f g)
> #t
> #t
> #t
> #f
> (b c)
> 6
> 35
> prog
> Undefined
> 6
> Undefined
> 1
> 45
> procs
> #t
> #f
> #f
> #f
> #t
> #t
> #f
> #t
> #f
> #t
> #f
> #f
> #t
> #f
> 7
> 20
> -1
> -3
> #t
> #f
> #f
> #f
> #f
> #f
> #t
> #f
> #f
> #t
> #f
> #f
> #t
> #t
> #f
> (a)
> ((a) b c d)
> (a . 3)
> ((a b) . c)
> a
> (a)
> 1
> Error(car has unexpected argument)
> (b c d)
> 2
> Error(cdr has unexpected argument)
> #t
> #t
> #t
> #f
> #f
> #t
> #f
> #t
> #f
> 7
> Undefined
> -12
> examples
> Undefined
> (a b c)
> Undefined
> #t
> #f
> Undefined
> (a)
> (a b c d)
> Undefined
> Undefined
> (a 1)
> (b 2)
> #f
> (5 7)
> 120
> Nothing
> Undefined
> -1
> -1
> 
(Hello World!)
